// Jest Snapshot v1, https://goo.gl/fbAQLP

exports[`should render Header correctly 1`] = `
<header>
  <h1>
    ניהול הוצאות
  </h1>
  <NavLink
    activeClassName="selected"
    ariaCurrent="true"
    to="/dashboard"
  >
     ראשי 
  </NavLink>
  <NavLink
    activeClassName="selected"
    ariaCurrent="true"
    to="/create"
  >
     הוסף 
  </NavLink>
  <button
    onClick={[Function]}
  >
    התנתק
  </button>
</header>
`;
